dataset: 1115394 total | train 1059625 | val 55769 bytes
resumed weights from checkpoints\model.safetensors
Vortexa: 2 layers x 4 heads@32d, d_model 128, ffn 512
parameters: 459392 (0.46M) | lr 0.001 | batch 16 x seq 128
step     50  loss  3.1749  tok/s     8267  elapsed   12.4s
step    100  loss  3.2794  tok/s     5805  elapsed   30.0s
step    150  loss  3.1493  tok/s     5982  elapsed   47.2s
step    200  loss  3.1361  tok/s     5898  elapsed   64.5s
step    250  loss  3.1519  tok/s     5813  elapsed   82.2s
step    300  loss  3.1107  tok/s     5959  elapsed   99.4s
step    350  loss  3.2064  tok/s     5920  elapsed  116.7s
step    400  loss  3.1739  tok/s     5122  elapsed  136.7s
step    450  loss  3.1586  tok/s     4906  elapsed  157.6s
step    500  loss  3.1426  tok/s     4863  elapsed  178.6s
         val loss  3.2437
step    550  loss  3.0979  tok/s     4749  elapsed  200.2s
step    600  loss  3.1599  tok/s     5699  elapsed  218.2s
step    650  loss  3.2521  tok/s     5888  elapsed  235.6s
step    700  loss  3.2383  tok/s     4938  elapsed  256.3s
step    750  loss  3.0870  tok/s     5528  elapsed  274.9s
step    800  loss  3.0652  tok/s     5664  elapsed  292.9s
